#-----------------------------------------------------------
# Vivado v2020.2 (64-bit)
# SW Build 3064766 on Wed Nov 18 09:12:45 MST 2020
# IP Build 3064653 on Wed Nov 18 14:17:31 MST 2020
# Start of session at: Sat Oct 21 18:30:39 2023
# Process ID: 11968
# Current directory: C:/Users/HP/Desktop/lab5/lab5
# Command line: vivado.exe -gui_launcher_event rodinguilauncherevent11420 C:\Users\HP\Desktop\lab5\lab5\lab5.xpr
# Log file: C:/Users/HP/Desktop/lab5/lab5/vivado.log
# Journal file: C:/Users/HP/Desktop/lab5/lab5\vivado.jou
#-----------------------------------------------------------
start_gui
open_project C:/Users/HP/Desktop/lab5/lab5/lab5.xpr
update_compile_order -fileset sources_1
set_property is_enabled false [get_files  C:/Users/HP/Desktop/lab5/KeyboardSim.xdc]
set_property is_enabled true [get_files  C:/Users/HP/Desktop/lab5/MouseReceiver.xdc]
# Disabling source management mode.  This is to allow the top design properties to be set without GUI intervention.
set_property source_mgmt_mode None [current_project]
set_property top MouseReceiver [current_fileset]
# Re-enabling previously disabled source management mode.
set_property source_mgmt_mode All [current_project]
update_compile_order -fileset sources_1
reset_run synth_1
launch_runs impl_1 -to_step write_bitstream -jobs 8
wait_on_run impl_1
open_hw_manager
connect_hw_server -allow_non_jtag
open_hw_target
current_hw_device [get_hw_devices xc7a100t_0]
refresh_hw_device -update_hw_probes false [lindex [get_hw_devices xc7a100t_0] 0]
reset_run impl_1 -prev_step 
launch_runs impl_1 -to_step write_bitstream -jobs 8
wait_on_run impl_1
launch_runs impl_1 -to_step write_bitstream -jobs 8
close_hw_manager
reset_run impl_1 -prev_step 
launch_runs impl_1 -to_step write_bitstream -jobs 8
wait_on_run impl_1
reset_run impl_1 -prev_step 
reset_run synth_1
launch_runs impl_1 -to_step write_bitstream -jobs 8
wait_on_run impl_1
reset_run impl_1 -prev_step 
launch_runs impl_1 -to_step write_bitstream -jobs 8
wait_on_run impl_1
reset_run impl_1 -prev_step 
update_compile_order -fileset sources_1
reset_run synth_1
launch_runs impl_1 -to_step write_bitstream -jobs 8
wait_on_run impl_1
set_property is_enabled false [get_files  C:/Users/HP/Desktop/lab5/MouseReceiver.xdc]
set_property is_enabled true [get_files  C:/Users/HP/Desktop/lab5/KeyboardSim.xdc]
# Disabling source management mode.  This is to allow the top design properties to be set without GUI intervention.
set_property source_mgmt_mode None [current_project]
set_property top keyboard [current_fileset]
# Re-enabling previously disabled source management mode.
set_property source_mgmt_mode All [current_project]
update_compile_order -fileset sources_1
reset_run synth_1
launch_runs impl_1 -to_step write_bitstream -jobs 8
wait_on_run impl_1
open_hw_manager
connect_hw_server -allow_non_jtag
open_hw_target
set_property PROGRAM.FILE {C:/Users/HP/Desktop/lab5/lab5/lab5.runs/impl_1/keyboard.bit} [get_hw_devices xc7a100t_0]
current_hw_device [get_hw_devices xc7a100t_0]
refresh_hw_device -update_hw_probes false [lindex [get_hw_devices xc7a100t_0] 0]
