#-----------------------------------------------------------
# Vivado v2020.2 (64-bit)
# SW Build 3064766 on Wed Nov 18 09:12:45 MST 2020
# IP Build 3064653 on Wed Nov 18 14:17:31 MST 2020
# Start of session at: Wed Nov 15 10:41:33 2023
# Process ID: 52708
# Current directory: S:/univer/sem2_1/digital_experiment/exp_7/project_1
# Command line: vivado.exe -gui_launcher_event rodinguilauncherevent31180 S:\univer\sem2_1\digital_experiment\exp_7\project_1\project_1.xpr
# Log file: S:/univer/sem2_1/digital_experiment/exp_7/project_1/vivado.log
# Journal file: S:/univer/sem2_1/digital_experiment/exp_7/project_1\vivado.jou
#-----------------------------------------------------------
start_gui
open_project S:/univer/sem2_1/digital_experiment/exp_7/project_1/project_1.xpr
update_compile_order -fileset sources_1
# Disabling source management mode.  This is to allow the top design properties to be set without GUI intervention.
set_property source_mgmt_mode None [current_project]
set_property top men32b_tb [get_filesets sim_1]
set_property top_lib xil_defaultlib [get_filesets sim_1]
# Re-enabling previously disabled source management mode.
set_property source_mgmt_mode All [current_project]
update_compile_order -fileset sim_1
launch_simulation
update_compile_order -fileset sources_1
update_compile_order -fileset sources_1
launch_simulation
source men32b_tb.tcl
reset_run synth_1
launch_runs synth_1 -jobs 14
wait_on_run synth_1
close_sim
open_run synth_1 -name synth_1
launch_simulation
source men32b_tb.tcl
# Disabling source management mode.  This is to allow the top design properties to be set without GUI intervention.
set_property source_mgmt_mode None [current_project]
set_property top cache_tb [get_filesets sim_1]
set_property top_lib xil_defaultlib [get_filesets sim_1]
# Re-enabling previously disabled source management mode.
set_property source_mgmt_mode All [current_project]
# Disabling source management mode.  This is to allow the top design properties to be set without GUI intervention.
set_property source_mgmt_mode None [current_project]
set_property top cache [current_fileset]
# Re-enabling previously disabled source management mode.
set_property source_mgmt_mode All [current_project]
update_compile_order -fileset sim_1
update_compile_order -fileset sources_1
set_property is_enabled true [get_files  S:/univer/sem2_1/digital_experiment/exp_7/lab7/cache.xdc]
set_property is_enabled false [get_files  S:/univer/sem2_1/digital_experiment/exp_7/lab7/mem32b_top.xdc]
launch_simulation
close_sim
launch_simulation
source cache_tb.tcl
reset_run synth_1
launch_runs synth_1 -jobs 14
wait_on_run synth_1
reset_run synth_1
launch_runs synth_1 -jobs 14
wait_on_run synth_1
reset_run synth_1
close_sim
